arduino-cli : C:\Users\julia\Documents\toyos\libraries\ToyOS\s
rc\port\avr\port_avr.c:218:26: error: macro "port_enter_idle" 
passed 1 arguments, but takes just 0
At line:1 char:1
+ arduino-cli compile --fqbn arduino:avr:uno --library 
libraries/ToyOS  ...
+ ~~~~~~~~~~~~~~~~~~~~~~~~~~~~~~~~~~~~~~~~~~~~~~~~~~~~~~~~~~~~
~~~~~~~~~
    + CategoryInfo          : NotSpecified: (C:\Users\julia\. 
   ..ut takes just 0:String) [], RemoteException
    + FullyQualifiedErrorId : NativeCommandError
 
 void port_enter_idle(void) {
                          ^
C:\Users\julia\Documents\toyos\libraries\ToyOS\src\port\avr\po
rt_avr.c:218:28: error: expected '=', ',', ';', 'asm' or 
'__attribute__' before '{' token
 void port_enter_idle(void) {
                            ^
Error during build: exit status 1

[92mUsed library[0m [92mVersion[0m [90mPath[0m
[93mKV_DB[0m        1.1.0   [90mC:\Users\julia\Documents\toyos\libraries\KV_DB[0m
[93mToyOS[0m        2.5.0   [90mC:\Users\julia\Documents\toyos\libraries\ToyOS[0m

[92mUsed platform[0m [92mVersion[0m [90mPath[0m
[93marduino:avr[0m   1.8.7   [90mC:\Users\julia\AppData\Local\Arduino15\packages\arduino\hardware\avr\1.8.7[0m
